{
  "version": "1.5.0",
  "plugins_used": [
    {
      "name": "ArtifactoryDetector"
    },
    {
      "name": "AWSKeyDetector"
    },
    {
      "name": "AzureStorageKeyDetector"
    },
    {
      "name": "Base64HighEntropyString",
      "limit": 4.5
    },
    {
      "name": "BasicAuthDetector"
    },
    {
      "name": "CloudantDetector"
    },
    {
      "name": "DiscordBotTokenDetector"
    },
    {
      "name": "GitHubTokenDetector"
    },
    {
      "name": "HexHighEntropyString",
      "limit": 3.0
    },
    {
      "name": "IbmCloudIamDetector"
    },
    {
      "name": "IbmCosHmacDetector"
    },
    {
      "name": "JwtTokenDetector"
    },
    {
      "name": "KeywordDetector",
      "keyword_exclude": ""
    },
    {
      "name": "MailchimpDetector"
    },
    {
      "name": "NpmDetector"
    },
    {
      "name": "PrivateKeyDetector"
    },
    {
      "name": "SendGridDetector"
    },
    {
      "name": "SlackDetector"
    },
    {
      "name": "SoftlayerDetector"
    },
    {
      "name": "SquareOAuthDetector"
    },
    {
      "name": "StripeDetector"
    },
    {
      "name": "TwilioKeyDetector"
    }
  ],
  "filters_used": [
    {
      "path": "detect_secrets.filters.allowlist.is_line_allowlisted"
    },
    {
      "path": "detect_secrets.filters.common.is_baseline_file",
      "filename": ".secrets.baseline"
    },
    {
      "path": "detect_secrets.filters.common.is_ignored_due_to_verification_policies",
      "min_level": 2
    },
    {
      "path": "detect_secrets.filters.heuristic.is_indirect_reference"
    },
    {
      "path": "detect_secrets.filters.heuristic.is_likely_id_string"
    },
    {
      "path": "detect_secrets.filters.heuristic.is_lock_file"
    },
    {
      "path": "detect_secrets.filters.heuristic.is_not_alphanumeric_string"
    },
    {
      "path": "detect_secrets.filters.heuristic.is_potential_uuid"
    },
    {
      "path": "detect_secrets.filters.heuristic.is_prefixed_with_dollar_sign"
    },
    {
      "path": "detect_secrets.filters.heuristic.is_sequential_string"
    },
    {
      "path": "detect_secrets.filters.heuristic.is_swagger_file"
    },
    {
      "path": "detect_secrets.filters.heuristic.is_templated_secret"
    }
  ],
  "results": {
    ".agents/skills/.datacloud_skills_manifest": [
      {
        "type": "Hex High Entropy String",
        "filename": ".agents/skills/.datacloud_skills_manifest",
        "hashed_secret": "33a75a442d34aa15f02cf507f7432d46b62cbeff",
        "is_verified": false,
        "line_number": 2
      },
      {
        "type": "Hex High Entropy String",
        "filename": ".agents/skills/.datacloud_skills_manifest",
        "hashed_secret": "a3abe6a9a0a32613b6bcae040119864abc2abba6",
        "is_verified": false,
        "line_number": 6
      },
      {
        "type": "Hex High Entropy String",
        "filename": ".agents/skills/.datacloud_skills_manifest",
        "hashed_secret": "572bb1304d2392f7f22556c65f0a1fe8805bf104",
        "is_verified": false,
        "line_number": 10
      },
      {
        "type": "Hex High Entropy String",
        "filename": ".agents/skills/.datacloud_skills_manifest",
        "hashed_secret": "62daec27e4ea7c445f598ea34b2f1169a178edc6",
        "is_verified": false,
        "line_number": 14
      },
      {
        "type": "Hex High Entropy String",
        "filename": ".agents/skills/.datacloud_skills_manifest",
        "hashed_secret": "3b8a12233fdcfccd257ea9ec342b3bb3df4d81d0",
        "is_verified": false,
        "line_number": 18
      },
      {
        "type": "Hex High Entropy String",
        "filename": ".agents/skills/.datacloud_skills_manifest",
        "hashed_secret": "604169b0426e89d019c4d611490238349558f9be",
        "is_verified": false,
        "line_number": 22
      },
      {
        "type": "Hex High Entropy String",
        "filename": ".agents/skills/.datacloud_skills_manifest",
        "hashed_secret": "48b7e6f7dfa3218c10ce41915f2c3053e39b5c8f",
        "is_verified": false,
        "line_number": 26
      },
      {
        "type": "Hex High Entropy String",
        "filename": ".agents/skills/.datacloud_skills_manifest",
        "hashed_secret": "2e32aeea5c2cd32b1585732b3872cd34171f4ecd",
        "is_verified": false,
        "line_number": 30
      },
      {
        "type": "Hex High Entropy String",
        "filename": ".agents/skills/.datacloud_skills_manifest",
        "hashed_secret": "50d560e50341a0c2d0f15fbdc05c41a6d3203492",
        "is_verified": false,
        "line_number": 34
      },
      {
        "type": "Hex High Entropy String",
        "filename": ".agents/skills/.datacloud_skills_manifest",
        "hashed_secret": "3aed7f368dd39bad526d848525ae770c15b6a9be",
        "is_verified": false,
        "line_number": 38
      },
      {
        "type": "Hex High Entropy String",
        "filename": ".agents/skills/.datacloud_skills_manifest",
        "hashed_secret": "c396ce7e2ef03c9171f08022387d9b722bfa033c",
        "is_verified": false,
        "line_number": 42
      },
      {
        "type": "Hex High Entropy String",
        "filename": ".agents/skills/.datacloud_skills_manifest",
        "hashed_secret": "fd4aef355d7cde62e624bcd2d0c4b2285c77400f",
        "is_verified": false,
        "line_number": 46
      },
      {
        "type": "Hex High Entropy String",
        "filename": ".agents/skills/.datacloud_skills_manifest",
        "hashed_secret": "f7081c82cd1c6e00a5843b38a5194fa441b4d838",
        "is_verified": false,
        "line_number": 50
      },
      {
        "type": "Hex High Entropy String",
        "filename": ".agents/skills/.datacloud_skills_manifest",
        "hashed_secret": "ddfd96330b1b46de079a04f46be94f3ba1f89e9a",
        "is_verified": false,
        "line_number": 54
      },
      {
        "type": "Hex High Entropy String",
        "filename": ".agents/skills/.datacloud_skills_manifest",
        "hashed_secret": "04b96b19dd8d59c48812537a46ad8431461089df",
        "is_verified": false,
        "line_number": 58
      },
      {
        "type": "Hex High Entropy String",
        "filename": ".agents/skills/.datacloud_skills_manifest",
        "hashed_secret": "23f0c18b3b1544cf1c68a7c41d4f754ac6ccea0a",
        "is_verified": false,
        "line_number": 62
      },
      {
        "type": "Hex High Entropy String",
        "filename": ".agents/skills/.datacloud_skills_manifest",
        "hashed_secret": "3683705a6e814a91ef3eaf336a4702ac02df6384",
        "is_verified": false,
        "line_number": 66
      },
      {
        "type": "Hex High Entropy String",
        "filename": ".agents/skills/.datacloud_skills_manifest",
        "hashed_secret": "5674787a02ca36702897f46262a4f36f02f67448",
        "is_verified": false,
        "line_number": 70
      },
      {
        "type": "Hex High Entropy String",
        "filename": ".agents/skills/.datacloud_skills_manifest",
        "hashed_secret": "502c40d09b9a083bb212d10a40effa4f5fa7d1e5",
        "is_verified": false,
        "line_number": 74
      },
      {
        "type": "Hex High Entropy String",
        "filename": ".agents/skills/.datacloud_skills_manifest",
        "hashed_secret": "3f374a3ab2324bcf74af55ecffb4b5c6cba82367",
        "is_verified": false,
        "line_number": 78
      },
      {
        "type": "Hex High Entropy String",
        "filename": ".agents/skills/.datacloud_skills_manifest",
        "hashed_secret": "dd19703c0e4f1b8f6dc59b10d045980550846a5b",
        "is_verified": false,
        "line_number": 82
      },
      {
        "type": "Hex High Entropy String",
        "filename": ".agents/skills/.datacloud_skills_manifest",
        "hashed_secret": "7c9718ce97fadb019a93da77054e7f575114afe6",
        "is_verified": false,
        "line_number": 86
      },
      {
        "type": "Hex High Entropy String",
        "filename": ".agents/skills/.datacloud_skills_manifest",
        "hashed_secret": "1d184a5a9b6b09cc875387087ac03569f5a9ab2a",
        "is_verified": false,
        "line_number": 90
      },
      {
        "type": "Hex High Entropy String",
        "filename": ".agents/skills/.datacloud_skills_manifest",
        "hashed_secret": "32f17df94267e4cce2b0561d92503ef3263c3b9e",
        "is_verified": false,
        "line_number": 94
      },
      {
        "type": "Hex High Entropy String",
        "filename": ".agents/skills/.datacloud_skills_manifest",
        "hashed_secret": "f7e97ee12c861994696ca15b3462260d32cd5647",
        "is_verified": false,
        "line_number": 98
      },
      {
        "type": "Hex High Entropy String",
        "filename": ".agents/skills/.datacloud_skills_manifest",
        "hashed_secret": "bb7732ffdb56b828076712df00861afbf9c58d9d",
        "is_verified": false,
        "line_number": 102
      },
      {
        "type": "Hex High Entropy String",
        "filename": ".agents/skills/.datacloud_skills_manifest",
        "hashed_secret": "c9deca61d2607bab2263a2ecc6136dfec70d50ad",
        "is_verified": false,
        "line_number": 106
      },
      {
        "type": "Hex High Entropy String",
        "filename": ".agents/skills/.datacloud_skills_manifest",
        "hashed_secret": "f899e600d321f2f9b932e826ba4250ad9f26ddcf",
        "is_verified": false,
        "line_number": 110
      },
      {
        "type": "Hex High Entropy String",
        "filename": ".agents/skills/.datacloud_skills_manifest",
        "hashed_secret": "d19981233a5260db775033ac1f5ac40d647e5962",
        "is_verified": false,
        "line_number": 114
      },
      {
        "type": "Hex High Entropy String",
        "filename": ".agents/skills/.datacloud_skills_manifest",
        "hashed_secret": "c021df2df484a12d957392e5f22294bb19780286",
        "is_verified": false,
        "line_number": 118
      }
    ],
    ".agents/skills/gcp-pipeline-resource-provisioning/references/gcp_pipeline_resource_provisioning_spec.md": [
      {
        "type": "Secret Keyword",
        "filename": ".agents/skills/gcp-pipeline-resource-provisioning/references/gcp_pipeline_resource_provisioning_spec.md",
        "hashed_secret": "a8e48e6f16a97eb07d24e3c40035500e641f107a",
        "is_verified": false,
        "line_number": 10
      }
    ],
    ".agents/skills/google-cloud-storage-basics/references/data-transfer.md": [
      {
        "type": "Secret Keyword",
        "filename": ".agents/skills/google-cloud-storage-basics/references/data-transfer.md",
        "hashed_secret": "8956265d216d474a080edaa97880d37fc1386f33",
        "is_verified": false,
        "line_number": 268
      }
    ],
    ".devcontainer/docker-compose.yaml": [
      {
        "type": "Secret Keyword",
        "filename": ".devcontainer/docker-compose.yaml",
        "hashed_secret": "f7382f9e61de77d99632a89552e0e38c2e63abc5",
        "is_verified": false,
        "line_number": 30
      }
    ],
    "AGENTS.md": [
      {
        "type": "Base64 High Entropy String",
        "filename": "AGENTS.md",
        "hashed_secret": "772fcc0713cf834ad787911fa3ed4eb739602fd5",
        "is_verified": false,
        "line_number": 75
      }
    ],
    "CLAUDE.md": [
      {
        "type": "Base64 High Entropy String",
        "filename": "CLAUDE.md",
        "hashed_secret": "772fcc0713cf834ad787911fa3ed4eb739602fd5",
        "is_verified": false,
        "line_number": 75
      }
    ],
    "Concept_Demos/Hebbian_Proto.html": [
      {
        "type": "Base64 High Entropy String",
        "filename": "Concept_Demos/Hebbian_Proto.html",
        "hashed_secret": "dd082d405f5056e6021e2c7acb1f9dd2704267f3",
        "is_verified": false,
        "line_number": 7
      },
      {
        "type": "Base64 High Entropy String",
        "filename": "Concept_Demos/Hebbian_Proto.html",
        "hashed_secret": "f1919fbb9dc11ecb1cc18f90a7b4737f0cad67fe",
        "is_verified": false,
        "line_number": 8
      },
      {
        "type": "Base64 High Entropy String",
        "filename": "Concept_Demos/Hebbian_Proto.html",
        "hashed_secret": "3c46bdbc2d0f8217638e59977e85340c4e1e08bd",
        "is_verified": false,
        "line_number": 9
      },
      {
        "type": "Base64 High Entropy String",
        "filename": "Concept_Demos/Hebbian_Proto.html",
        "hashed_secret": "d4a5683b9b2a54b1a3341e3b8c9d16ce6f710410",
        "is_verified": false,
        "line_number": 10
      },
      {
        "type": "Secret Keyword",
        "filename": "Concept_Demos/Hebbian_Proto.html",
        "hashed_secret": "efb0296f7965e73f2cdb1ec01b0b531336423489",
        "is_verified": false,
        "line_number": 6244
      }
    ],
    "Concept_Demos/atp_prototype.html": [
      {
        "type": "Base64 High Entropy String",
        "filename": "Concept_Demos/atp_prototype.html",
        "hashed_secret": "dd082d405f5056e6021e2c7acb1f9dd2704267f3",
        "is_verified": false,
        "line_number": 7
      },
      {
        "type": "Base64 High Entropy String",
        "filename": "Concept_Demos/atp_prototype.html",
        "hashed_secret": "f1919fbb9dc11ecb1cc18f90a7b4737f0cad67fe",
        "is_verified": false,
        "line_number": 8
      },
      {
        "type": "Base64 High Entropy String",
        "filename": "Concept_Demos/atp_prototype.html",
        "hashed_secret": "3c46bdbc2d0f8217638e59977e85340c4e1e08bd",
        "is_verified": false,
        "line_number": 9
      }
    ],
    "app/api/test/setupEnv.ts": [
      {
        "type": "Secret Keyword",
        "filename": "app/api/test/setupEnv.ts",
        "hashed_secret": "545d20036ba51a06dfc026c225fb02b4185af19b",
        "is_verified": false,
        "line_number": 3
      }
    ],
    "config/environment-contract.yaml": [
      {
        "type": "Secret Keyword",
        "filename": "config/environment-contract.yaml",
        "hashed_secret": "037c8d15b98cfb8c7532463a110f82dcf4e5e597",
        "is_verified": false,
        "line_number": 39
      },
      {
        "type": "Secret Keyword",
        "filename": "config/environment-contract.yaml",
        "hashed_secret": "c0759fa5262a24f1b05467d016aa02c4311ea947",
        "is_verified": false,
        "line_number": 40
      },
      {
        "type": "Secret Keyword",
        "filename": "config/environment-contract.yaml",
        "hashed_secret": "c5725a4575b499cedb81e4bea80520ceea647c62",
        "is_verified": false,
        "line_number": 41
      }
    ],
    "docs/MEMORY_INTEGRATION.md": [
      {
        "type": "Secret Keyword",
        "filename": "docs/MEMORY_INTEGRATION.md",
        "hashed_secret": "33292e6fb1a06c29b9a0c40f542166f6eb41ed82",
        "is_verified": false,
        "line_number": 196
      },
      {
        "type": "Secret Keyword",
        "filename": "docs/MEMORY_INTEGRATION.md",
        "hashed_secret": "585818641770729cdad117bbc4b1b32fcfa746a0",
        "is_verified": false,
        "line_number": 200
      }
    ],
    "docs/audits/2026-08-16-python-release-hold.yaml": [
      {
        "type": "Hex High Entropy String",
        "filename": "docs/audits/2026-08-16-python-release-hold.yaml",
        "hashed_secret": "7a703d92ec348ca235fb7c2a21601f5f3958efa2",
        "is_verified": false,
        "line_number": 11
      },
      {
        "type": "Hex High Entropy String",
        "filename": "docs/audits/2026-08-16-python-release-hold.yaml",
        "hashed_secret": "c5675edfcba07dd2fdd44e9976ce469268530daa",
        "is_verified": false,
        "line_number": 18
      },
      {
        "type": "Hex High Entropy String",
        "filename": "docs/audits/2026-08-16-python-release-hold.yaml",
        "hashed_secret": "e64e880f13bf20aa865e3e9f9463460c49bf6b8d",
        "is_verified": false,
        "line_number": 45
      },
      {
        "type": "Hex High Entropy String",
        "filename": "docs/audits/2026-08-16-python-release-hold.yaml",
        "hashed_secret": "412291a8c8baabd08486f78071a219af3ccdb55e",
        "is_verified": false,
        "line_number": 46
      },
      {
        "type": "Hex High Entropy String",
        "filename": "docs/audits/2026-08-16-python-release-hold.yaml",
        "hashed_secret": "736b79ffd872a86609d49a1090541eb56c72da29",
        "is_verified": false,
        "line_number": 48
      },
      {
        "type": "Hex High Entropy String",
        "filename": "docs/audits/2026-08-16-python-release-hold.yaml",
        "hashed_secret": "8262f1b15703076f37fb709befa27f1aceb4601f",
        "is_verified": false,
        "line_number": 49
      },
      {
        "type": "Hex High Entropy String",
        "filename": "docs/audits/2026-08-16-python-release-hold.yaml",
        "hashed_secret": "4698624119b10f28b6a0b78222c636b4bf262403",
        "is_verified": false,
        "line_number": 57
      },
      {
        "type": "Hex High Entropy String",
        "filename": "docs/audits/2026-08-16-python-release-hold.yaml",
        "hashed_secret": "70a49bdb59199f945de006cd25ac813ae31346cc",
        "is_verified": false,
        "line_number": 60
      },
      {
        "type": "Hex High Entropy String",
        "filename": "docs/audits/2026-08-16-python-release-hold.yaml",
        "hashed_secret": "390d8b53f20104cddfb9067c613687431d0f152f",
        "is_verified": false,
        "line_number": 65
      },
      {
        "type": "Hex High Entropy String",
        "filename": "docs/audits/2026-08-16-python-release-hold.yaml",
        "hashed_secret": "244f421f896bdcdd2784dccf4eaf7c8dfd5189b5",
        "is_verified": false,
        "line_number": 69
      },
      {
        "type": "Hex High Entropy String",
        "filename": "docs/audits/2026-08-16-python-release-hold.yaml",
        "hashed_secret": "911d553ed48d67c22bb9cb923379a4903407861f",
        "is_verified": false,
        "line_number": 73
      },
      {
        "type": "Hex High Entropy String",
        "filename": "docs/audits/2026-08-16-python-release-hold.yaml",
        "hashed_secret": "2a73e5654601147ad47bfd180ce5a0e54b3d3f84",
        "is_verified": false,
        "line_number": 78
      },
      {
        "type": "Hex High Entropy String",
        "filename": "docs/audits/2026-08-16-python-release-hold.yaml",
        "hashed_secret": "1c0676a925cea430ecc0809d7e2484daa4c924e9",
        "is_verified": false,
        "line_number": 81
      },
      {
        "type": "Hex High Entropy String",
        "filename": "docs/audits/2026-08-16-python-release-hold.yaml",
        "hashed_secret": "a984d9adbc8c0614193367a20f3ee3b9633225f1",
        "is_verified": false,
        "line_number": 86
      },
      {
        "type": "Hex High Entropy String",
        "filename": "docs/audits/2026-08-16-python-release-hold.yaml",
        "hashed_secret": "ea494599438bf10aa91bdbe20a66a0579afef361",
        "is_verified": false,
        "line_number": 90
      },
      {
        "type": "Hex High Entropy String",
        "filename": "docs/audits/2026-08-16-python-release-hold.yaml",
        "hashed_secret": "b57e5e5f982be22036d5579dd1e1caf2f4ec928e",
        "is_verified": false,
        "line_number": 94
      },
      {
        "type": "Hex High Entropy String",
        "filename": "docs/audits/2026-08-16-python-release-hold.yaml",
        "hashed_secret": "2c5179ef4b3b322f1caceaf598bc86b85ebf0143",
        "is_verified": false,
        "line_number": 104
      },
      {
        "type": "Hex High Entropy String",
        "filename": "docs/audits/2026-08-16-python-release-hold.yaml",
        "hashed_secret": "46cd693d51f3a2e455a694a905acc8085653ae89",
        "is_verified": false,
        "line_number": 107
      },
      {
        "type": "Hex High Entropy String",
        "filename": "docs/audits/2026-08-16-python-release-hold.yaml",
        "hashed_secret": "10f389ad4315a23c58b7aca76bdd1295ed4c470e",
        "is_verified": false,
        "line_number": 110
      },
      {
        "type": "Hex High Entropy String",
        "filename": "docs/audits/2026-08-16-python-release-hold.yaml",
        "hashed_secret": "eeb3139c994360c8ea6146a58e1f366516b5567a",
        "is_verified": false,
        "line_number": 125
      }
    ],
    "docs/audits/2026-08-16-reverse-sync-72cf776-path-manifest.yaml": [
      {
        "type": "Hex High Entropy String",
        "filename": "docs/audits/2026-08-16-reverse-sync-72cf776-path-manifest.yaml",
        "hashed_secret": "c8b68b4577139be56dd7405375a3ae1b6a972ec7",
        "is_verified": false,
        "line_number": 9
      },
      {
        "type": "Hex High Entropy String",
        "filename": "docs/audits/2026-08-16-reverse-sync-72cf776-path-manifest.yaml",
        "hashed_secret": "1efd4de08af1176fbe3df9ade15a300108dff842",
        "is_verified": false,
        "line_number": 11
      },
      {
        "type": "Hex High Entropy String",
        "filename": "docs/audits/2026-08-16-reverse-sync-72cf776-path-manifest.yaml",
        "hashed_secret": "a8967e6078bb5dc118a2c62388d0cf05b1dfb6ae",
        "is_verified": false,
        "line_number": 12
      }
    ],
    "docs/audits/2026-08-16-reverse-sync-72cf776-removal-hold.yaml": [
      {
        "type": "Hex High Entropy String",
        "filename": "docs/audits/2026-08-16-reverse-sync-72cf776-removal-hold.yaml",
        "hashed_secret": "6351d5a867f8371817b40276052bc122c76f9025",
        "is_verified": false,
        "line_number": 12
      },
      {
        "type": "Hex High Entropy String",
        "filename": "docs/audits/2026-08-16-reverse-sync-72cf776-removal-hold.yaml",
        "hashed_secret": "1efd4de08af1176fbe3df9ade15a300108dff842",
        "is_verified": false,
        "line_number": 13
      },
      {
        "type": "Hex High Entropy String",
        "filename": "docs/audits/2026-08-16-reverse-sync-72cf776-removal-hold.yaml",
        "hashed_secret": "a984d9adbc8c0614193367a20f3ee3b9633225f1",
        "is_verified": false,
        "line_number": 18
      },
      {
        "type": "Hex High Entropy String",
        "filename": "docs/audits/2026-08-16-reverse-sync-72cf776-removal-hold.yaml",
        "hashed_secret": "07711232ea79d3e56c701b37b0f4d4dc51d18645",
        "is_verified": false,
        "line_number": 20
      },
      {
        "type": "Hex High Entropy String",
        "filename": "docs/audits/2026-08-16-reverse-sync-72cf776-removal-hold.yaml",
        "hashed_secret": "89b083af5e8d892aa7ff3a7622ec399cbb03b18b",
        "is_verified": false,
        "line_number": 44
      }
    ],
    "docs/audits/2026-08-16-reverse-sync-adjacent-current-tree-quarantine.yaml": [
      {
        "type": "Hex High Entropy String",
        "filename": "docs/audits/2026-08-16-reverse-sync-adjacent-current-tree-quarantine.yaml",
        "hashed_secret": "6351d5a867f8371817b40276052bc122c76f9025",
        "is_verified": false,
        "line_number": 12
      },
      {
        "type": "Hex High Entropy String",
        "filename": "docs/audits/2026-08-16-reverse-sync-adjacent-current-tree-quarantine.yaml",
        "hashed_secret": "b57e5e5f982be22036d5579dd1e1caf2f4ec928e",
        "is_verified": false,
        "line_number": 22
      },
      {
        "type": "Hex High Entropy String",
        "filename": "docs/audits/2026-08-16-reverse-sync-adjacent-current-tree-quarantine.yaml",
        "hashed_secret": "f624779d2feecfbc654ff5750700e4d17129cfd2",
        "is_verified": false,
        "line_number": 26
      },
      {
        "type": "Hex High Entropy String",
        "filename": "docs/audits/2026-08-16-reverse-sync-adjacent-current-tree-quarantine.yaml",
        "hashed_secret": "8313dfe9640fb4f04726a5303a3954f4f4c82573",
        "is_verified": false,
        "line_number": 33
      }
    ],
    "docs/audits/2026-08-16-root-test-tree-retention.yaml": [
      {
        "type": "Hex High Entropy String",
        "filename": "docs/audits/2026-08-16-root-test-tree-retention.yaml",
        "hashed_secret": "15200a72cfddc34c65b62676a751da6ea37187f4",
        "is_verified": false,
        "line_number": 7
      },
      {
        "type": "Hex High Entropy String",
        "filename": "docs/audits/2026-08-16-root-test-tree-retention.yaml",
        "hashed_secret": "d1f2bc7a63b5cbdf0f71bba678a048646bc0f9c6",
        "is_verified": false,
        "line_number": 8
      },
      {
        "type": "Hex High Entropy String",
        "filename": "docs/audits/2026-08-16-root-test-tree-retention.yaml",
        "hashed_secret": "60c5985da0b3b4395723d17ebfd4046c2593bc9d",
        "is_verified": false,
        "line_number": 9
      },
      {
        "type": "Hex High Entropy String",
        "filename": "docs/audits/2026-08-16-root-test-tree-retention.yaml",
        "hashed_secret": "9e03aebba1e64ec5ffefbf91a08fc37fbaa59249",
        "is_verified": false,
        "line_number": 11
      },
      {
        "type": "Hex High Entropy String",
        "filename": "docs/audits/2026-08-16-root-test-tree-retention.yaml",
        "hashed_secret": "7c704c6a0bfb4ffc3fe996929536d0b3bab3ad2a",
        "is_verified": false,
        "line_number": 39
      },
      {
        "type": "Hex High Entropy String",
        "filename": "docs/audits/2026-08-16-root-test-tree-retention.yaml",
        "hashed_secret": "ea494599438bf10aa91bdbe20a66a0579afef361",
        "is_verified": false,
        "line_number": 52
      },
      {
        "type": "Hex High Entropy String",
        "filename": "docs/audits/2026-08-16-root-test-tree-retention.yaml",
        "hashed_secret": "454174aa665d01f701887fbe8a9e0547c08d9d22",
        "is_verified": false,
        "line_number": 121
      },
      {
        "type": "Hex High Entropy String",
        "filename": "docs/audits/2026-08-16-root-test-tree-retention.yaml",
        "hashed_secret": "0ed268ffcbcc3c7b8561eedaa45d5fd6eaffb080",
        "is_verified": false,
        "line_number": 180
      },
      {
        "type": "Hex High Entropy String",
        "filename": "docs/audits/2026-08-16-root-test-tree-retention.yaml",
        "hashed_secret": "c93605051050a044ba37e100d61d859e0360ad97",
        "is_verified": false,
        "line_number": 190
      },
      {
        "type": "Hex High Entropy String",
        "filename": "docs/audits/2026-08-16-root-test-tree-retention.yaml",
        "hashed_secret": "9f10522baa2babcc520dc814ce500fbe9f8feb2e",
        "is_verified": false,
        "line_number": 204
      },
      {
        "type": "Hex High Entropy String",
        "filename": "docs/audits/2026-08-16-root-test-tree-retention.yaml",
        "hashed_secret": "e54c489f6cbfb6de914a5b41559a64319c379784",
        "is_verified": false,
        "line_number": 207
      },
      {
        "type": "Hex High Entropy String",
        "filename": "docs/audits/2026-08-16-root-test-tree-retention.yaml",
        "hashed_secret": "28009f0122d6178cdd2e25609f0ce262183428aa",
        "is_verified": false,
        "line_number": 219
      },
      {
        "type": "Hex High Entropy String",
        "filename": "docs/audits/2026-08-16-root-test-tree-retention.yaml",
        "hashed_secret": "75817046580203c324e26386b7ab1b86bc9a4a77",
        "is_verified": false,
        "line_number": 338
      }
    ],
    "docs/superpowers/plans/2026-08-16-artemis-routing-kernel-containment.md": [
      {
        "type": "Hex High Entropy String",
        "filename": "docs/superpowers/plans/2026-08-16-artemis-routing-kernel-containment.md",
        "hashed_secret": "6351d5a867f8371817b40276052bc122c76f9025",
        "is_verified": false,
        "line_number": 164
      }
    ],
    "docs/superpowers/plans/2026-08-16-artemis-validation-mcp-server-task2a.md": [
      {
        "type": "Secret Keyword",
        "filename": "docs/superpowers/plans/2026-08-16-artemis-validation-mcp-server-task2a.md",
        "hashed_secret": "b03a192d4612630f743c76043ac6f7c5817ca1e5",
        "is_verified": false,
        "line_number": 144
      }
    ],
    "services/mcp/artemis-validation/tests/test_server.py": [
      {
        "type": "Secret Keyword",
        "filename": "services/mcp/artemis-validation/tests/test_server.py",
        "hashed_secret": "b03a192d4612630f743c76043ac6f7c5817ca1e5",
        "is_verified": false,
        "line_number": 48
      },
      {
        "type": "Secret Keyword",
        "filename": "services/mcp/artemis-validation/tests/test_server.py",
        "hashed_secret": "053bbdefb91fb071a1166e191b96a1c669b4e99e",
        "is_verified": false,
        "line_number": 655
      },
      {
        "type": "Secret Keyword",
        "filename": "services/mcp/artemis-validation/tests/test_server.py",
        "hashed_secret": "ac70a202ccaf839c6368624a9c8c44c0337c6b54",
        "is_verified": false,
        "line_number": 688
      }
    ],
    "src/Experiments/agent_mesh/agent-scaffolder/agent-scaffolder-workspace/iteration-1/review.html": [
      {
        "type": "Base64 High Entropy String",
        "filename": "src/Experiments/agent_mesh/agent-scaffolder/agent-scaffolder-workspace/iteration-1/review.html",
        "hashed_secret": "9806cc8d4b9f35120264fbc2cb41344c76b331f7",
        "is_verified": false,
        "line_number": 10
      }
    ],
    "src/Experiments/agent_mesh/agent-scaffolder/agent-scaffolder-workspace/iteration-2/review.html": [
      {
        "type": "Base64 High Entropy String",
        "filename": "src/Experiments/agent_mesh/agent-scaffolder/agent-scaffolder-workspace/iteration-2/review.html",
        "hashed_secret": "9806cc8d4b9f35120264fbc2cb41344c76b331f7",
        "is_verified": false,
        "line_number": 10
      }
    ],
    "src/Experiments/agent_mesh/agent-scaffolder/agent-scaffolder-workspace/iteration-3/review.html": [
      {
        "type": "Base64 High Entropy String",
        "filename": "src/Experiments/agent_mesh/agent-scaffolder/agent-scaffolder-workspace/iteration-3/review.html",
        "hashed_secret": "9806cc8d4b9f35120264fbc2cb41344c76b331f7",
        "is_verified": false,
        "line_number": 10
      }
    ],
    "src/auth/authstructure.py": [
      {
        "type": "Secret Keyword",
        "filename": "src/auth/authstructure.py",
        "hashed_secret": "21a695b3b3f3f6fc6dfcc6ede5264cc17fe80823",
        "is_verified": false,
        "line_number": 105
      }
    ],
    "src/integration/anaconda_agent_proxy.py": [
      {
        "type": "Secret Keyword",
        "filename": "src/integration/anaconda_agent_proxy.py",
        "hashed_secret": "01f24e63ff8d79c2e39b4ee886690ff199bee286",
        "is_verified": false,
        "line_number": 69
      }
    ],
    "src/tests/conftest.py": [
      {
        "type": "Secret Keyword",
        "filename": "src/tests/conftest.py",
        "hashed_secret": "74ba31d41223751c75cc0a453dd7df04889bdc72",
        "is_verified": false,
        "line_number": 301
      }
    ],
    "src/tests/integration/test_memory_client.py": [
      {
        "type": "Secret Keyword",
        "filename": "src/tests/integration/test_memory_client.py",
        "hashed_secret": "3acfb2c2b433c0ea7ff107e33df91b18e52f960f",
        "is_verified": false,
        "line_number": 74
      }
    ],
    "src/tests/test_anaconda_agent_proxy.py": [
      {
        "type": "Secret Keyword",
        "filename": "src/tests/test_anaconda_agent_proxy.py",
        "hashed_secret": "8f81a348e1de8f4d779816059377767e8ae2a4a4",
        "is_verified": false,
        "line_number": 291
      },
      {
        "type": "Secret Keyword",
        "filename": "src/tests/test_anaconda_agent_proxy.py",
        "hashed_secret": "5efd9c78161dbdc37aecdfecbe469d2d9975d9db",
        "is_verified": false,
        "line_number": 298
      },
      {
        "type": "Secret Keyword",
        "filename": "src/tests/test_anaconda_agent_proxy.py",
        "hashed_secret": "6b31604c8a396f393c35a1f555869babb3107d8c",
        "is_verified": false,
        "line_number": 535
      }
    ],
    "src/tests/test_api_bridge_llm.py": [
      {
        "type": "Secret Keyword",
        "filename": "src/tests/test_api_bridge_llm.py",
        "hashed_secret": "fdf87be126b22b031fa1771c60adad2ade8201e4",
        "is_verified": false,
        "line_number": 28
      }
    ],
    "src/tests/test_auth_contracts.py": [
      {
        "type": "Secret Keyword",
        "filename": "src/tests/test_auth_contracts.py",
        "hashed_secret": "4d13013a0dd3387bbd012d4a48db1a7080a0c346",
        "is_verified": false,
        "line_number": 148
      }
    ],
    "src/tests/test_auth_verifier.py": [
      {
        "type": "Basic Auth Credentials",
        "filename": "src/tests/test_auth_verifier.py",
        "hashed_secret": "04e71bc4c9a1229116c109422d43af3132eb3e15",
        "is_verified": false,
        "line_number": 82
      },
      {
        "type": "Basic Auth Credentials",
        "filename": "src/tests/test_auth_verifier.py",
        "hashed_secret": "7780a0858c468f82015b08a7937b56c9d73e9a08",
        "is_verified": false,
        "line_number": 87
      },
      {
        "type": "Basic Auth Credentials",
        "filename": "src/tests/test_auth_verifier.py",
        "hashed_secret": "34db3ee1a12e301b147964b437f58630debb97f3",
        "is_verified": false,
        "line_number": 117
      },
      {
        "type": "Basic Auth Credentials",
        "filename": "src/tests/test_auth_verifier.py",
        "hashed_secret": "9d4e1e23bd5b727046a9e3b4b7db57bd8d6ee684",
        "is_verified": false,
        "line_number": 139
      },
      {
        "type": "Secret Keyword",
        "filename": "src/tests/test_auth_verifier.py",
        "hashed_secret": "d4927dda05af693bff7dfd4c7b40eafb0ef92a78",
        "is_verified": false,
        "line_number": 1377
      },
      {
        "type": "Secret Keyword",
        "filename": "src/tests/test_auth_verifier.py",
        "hashed_secret": "fd3b396071d3439b7394a027b1e21fd04711cba3",
        "is_verified": false,
        "line_number": 1511
      },
      {
        "type": "Secret Keyword",
        "filename": "src/tests/test_auth_verifier.py",
        "hashed_secret": "305d43a5ac04d8cc05224d644cc9e50a53e7a700",
        "is_verified": false,
        "line_number": 2167
      }
    ],
    "src/tests/test_dashboard_api.py": [
      {
        "type": "Secret Keyword",
        "filename": "src/tests/test_dashboard_api.py",
        "hashed_secret": "94fe95fc25bd1fed1b5637fe513426ad204e9d90",
        "is_verified": false,
        "line_number": 297
      }
    ],
    "src/tests/test_hebbian_marketplace_vs_inference.ipynb": [
      {
        "type": "Hex High Entropy String",
        "filename": "src/tests/test_hebbian_marketplace_vs_inference.ipynb",
        "hashed_secret": "73cd8ff21eb78cc13bcf23eb667e102eafe14716",
        "is_verified": false,
        "line_number": 6
      },
      {
        "type": "Base64 High Entropy String",
        "filename": "src/tests/test_hebbian_marketplace_vs_inference.ipynb",
        "hashed_secret": "d9453e317f56900b344bf3f4f9eb905ac51edf95",
        "is_verified": false,
        "line_number": 118
      }
    ],
    "src/tests/test_hebbian_scoped_vs_coldstart.ipynb": [
      {
        "type": "Hex High Entropy String",
        "filename": "src/tests/test_hebbian_scoped_vs_coldstart.ipynb",
        "hashed_secret": "de2bce19eb665f58ca215e37488b4e4017affa21",
        "is_verified": false,
        "line_number": 6
      }
    ],
    "src/tests/test_llm_agent_coverage.py": [
      {
        "type": "Secret Keyword",
        "filename": "src/tests/test_llm_agent_coverage.py",
        "hashed_secret": "e5e9fa1ba31ecd1ae84f75caaa474f3a663f05f4",
        "is_verified": false,
        "line_number": 93
      },
      {
        "type": "Secret Keyword",
        "filename": "src/tests/test_llm_agent_coverage.py",
        "hashed_secret": "505032eaf8a3acf9b094a326dfb1cd0537c75a0d",
        "is_verified": false,
        "line_number": 315
      }
    ],
    "src/tests/test_memory_client.py": [
      {
        "type": "Secret Keyword",
        "filename": "src/tests/test_memory_client.py",
        "hashed_secret": "3acfb2c2b433c0ea7ff107e33df91b18e52f960f",
        "is_verified": false,
        "line_number": 118
      },
      {
        "type": "Basic Auth Credentials",
        "filename": "src/tests/test_memory_client.py",
        "hashed_secret": "e5e9fa1ba31ecd1ae84f75caaa474f3a663f05f4",
        "is_verified": false,
        "line_number": 147
      },
      {
        "type": "Secret Keyword",
        "filename": "src/tests/test_memory_client.py",
        "hashed_secret": "a62f2225bf70bfaccbc7f1ef2a397836717377de",
        "is_verified": false,
        "line_number": 152
      }
    ],
    "src/tests/test_postgres_memory_ledger.py": [
      {
        "type": "Basic Auth Credentials",
        "filename": "src/tests/test_postgres_memory_ledger.py",
        "hashed_secret": "e5e9fa1ba31ecd1ae84f75caaa474f3a663f05f4",
        "is_verified": false,
        "line_number": 923
      }
    ],
    "src/tests/test_release_artifacts.py": [
      {
        "type": "Hex High Entropy String",
        "filename": "src/tests/test_release_artifacts.py",
        "hashed_secret": "7a703d92ec348ca235fb7c2a21601f5f3958efa2",
        "is_verified": false,
        "line_number": 28
      },
      {
        "type": "Hex High Entropy String",
        "filename": "src/tests/test_release_artifacts.py",
        "hashed_secret": "2c5179ef4b3b322f1caceaf598bc86b85ebf0143",
        "is_verified": false,
        "line_number": 31
      },
      {
        "type": "Hex High Entropy String",
        "filename": "src/tests/test_release_artifacts.py",
        "hashed_secret": "46cd693d51f3a2e455a694a905acc8085653ae89",
        "is_verified": false,
        "line_number": 34
      },
      {
        "type": "Hex High Entropy String",
        "filename": "src/tests/test_release_artifacts.py",
        "hashed_secret": "10f389ad4315a23c58b7aca76bdd1295ed4c470e",
        "is_verified": false,
        "line_number": 37
      },
      {
        "type": "Hex High Entropy String",
        "filename": "src/tests/test_release_artifacts.py",
        "hashed_secret": "244f421f896bdcdd2784dccf4eaf7c8dfd5189b5",
        "is_verified": false,
        "line_number": 39
      },
      {
        "type": "Hex High Entropy String",
        "filename": "src/tests/test_release_artifacts.py",
        "hashed_secret": "eeb3139c994360c8ea6146a58e1f366516b5567a",
        "is_verified": false,
        "line_number": 40
      },
      {
        "type": "Hex High Entropy String",
        "filename": "src/tests/test_release_artifacts.py",
        "hashed_secret": "4698624119b10f28b6a0b78222c636b4bf262403",
        "is_verified": false,
        "line_number": 44
      },
      {
        "type": "Hex High Entropy String",
        "filename": "src/tests/test_release_artifacts.py",
        "hashed_secret": "70a49bdb59199f945de006cd25ac813ae31346cc",
        "is_verified": false,
        "line_number": 48
      },
      {
        "type": "Hex High Entropy String",
        "filename": "src/tests/test_release_artifacts.py",
        "hashed_secret": "390d8b53f20104cddfb9067c613687431d0f152f",
        "is_verified": false,
        "line_number": 52
      },
      {
        "type": "Hex High Entropy String",
        "filename": "src/tests/test_release_artifacts.py",
        "hashed_secret": "911d553ed48d67c22bb9cb923379a4903407861f",
        "is_verified": false,
        "line_number": 57
      },
      {
        "type": "Hex High Entropy String",
        "filename": "src/tests/test_release_artifacts.py",
        "hashed_secret": "2a73e5654601147ad47bfd180ce5a0e54b3d3f84",
        "is_verified": false,
        "line_number": 62
      },
      {
        "type": "Hex High Entropy String",
        "filename": "src/tests/test_release_artifacts.py",
        "hashed_secret": "1c0676a925cea430ecc0809d7e2484daa4c924e9",
        "is_verified": false,
        "line_number": 66
      },
      {
        "type": "Hex High Entropy String",
        "filename": "src/tests/test_release_artifacts.py",
        "hashed_secret": "a984d9adbc8c0614193367a20f3ee3b9633225f1",
        "is_verified": false,
        "line_number": 70
      },
      {
        "type": "Hex High Entropy String",
        "filename": "src/tests/test_release_artifacts.py",
        "hashed_secret": "ea494599438bf10aa91bdbe20a66a0579afef361",
        "is_verified": false,
        "line_number": 74
      },
      {
        "type": "Hex High Entropy String",
        "filename": "src/tests/test_release_artifacts.py",
        "hashed_secret": "b57e5e5f982be22036d5579dd1e1caf2f4ec928e",
        "is_verified": false,
        "line_number": 78
      },
      {
        "type": "Hex High Entropy String",
        "filename": "src/tests/test_release_artifacts.py",
        "hashed_secret": "e64e880f13bf20aa865e3e9f9463460c49bf6b8d",
        "is_verified": false,
        "line_number": 772
      },
      {
        "type": "Hex High Entropy String",
        "filename": "src/tests/test_release_artifacts.py",
        "hashed_secret": "412291a8c8baabd08486f78071a219af3ccdb55e",
        "is_verified": false,
        "line_number": 774
      },
      {
        "type": "Hex High Entropy String",
        "filename": "src/tests/test_release_artifacts.py",
        "hashed_secret": "736b79ffd872a86609d49a1090541eb56c72da29",
        "is_verified": false,
        "line_number": 776
      },
      {
        "type": "Hex High Entropy String",
        "filename": "src/tests/test_release_artifacts.py",
        "hashed_secret": "8262f1b15703076f37fb709befa27f1aceb4601f",
        "is_verified": false,
        "line_number": 778
      },
      {
        "type": "Hex High Entropy String",
        "filename": "src/tests/test_release_artifacts.py",
        "hashed_secret": "c5675edfcba07dd2fdd44e9976ce469268530daa",
        "is_verified": false,
        "line_number": 791
      }
    ],
    "src/tests/test_repository_boundaries.py": [
      {
        "type": "Hex High Entropy String",
        "filename": "src/tests/test_repository_boundaries.py",
        "hashed_secret": "6351d5a867f8371817b40276052bc122c76f9025",
        "is_verified": false,
        "line_number": 29
      },
      {
        "type": "Hex High Entropy String",
        "filename": "src/tests/test_repository_boundaries.py",
        "hashed_secret": "b57e5e5f982be22036d5579dd1e1caf2f4ec928e",
        "is_verified": false,
        "line_number": 33
      },
      {
        "type": "Hex High Entropy String",
        "filename": "src/tests/test_repository_boundaries.py",
        "hashed_secret": "f624779d2feecfbc654ff5750700e4d17129cfd2",
        "is_verified": false,
        "line_number": 37
      },
      {
        "type": "Hex High Entropy String",
        "filename": "src/tests/test_repository_boundaries.py",
        "hashed_secret": "8313dfe9640fb4f04726a5303a3954f4f4c82573",
        "is_verified": false,
        "line_number": 41
      }
    ],
    "src/tests/test_reverse_sync_cleanup.py": [
      {
        "type": "Hex High Entropy String",
        "filename": "src/tests/test_reverse_sync_cleanup.py",
        "hashed_secret": "1efd4de08af1176fbe3df9ade15a300108dff842",
        "is_verified": false,
        "line_number": 19
      },
      {
        "type": "Hex High Entropy String",
        "filename": "src/tests/test_reverse_sync_cleanup.py",
        "hashed_secret": "6351d5a867f8371817b40276052bc122c76f9025",
        "is_verified": false,
        "line_number": 21
      },
      {
        "type": "Hex High Entropy String",
        "filename": "src/tests/test_reverse_sync_cleanup.py",
        "hashed_secret": "a984d9adbc8c0614193367a20f3ee3b9633225f1",
        "is_verified": false,
        "line_number": 28
      },
      {
        "type": "Hex High Entropy String",
        "filename": "src/tests/test_reverse_sync_cleanup.py",
        "hashed_secret": "07711232ea79d3e56c701b37b0f4d4dc51d18645",
        "is_verified": false,
        "line_number": 31
      },
      {
        "type": "Hex High Entropy String",
        "filename": "src/tests/test_reverse_sync_cleanup.py",
        "hashed_secret": "89b083af5e8d892aa7ff3a7622ec399cbb03b18b",
        "is_verified": false,
        "line_number": 35
      }
    ],
    "src/tests/test_root_test_retention.py": [
      {
        "type": "Hex High Entropy String",
        "filename": "src/tests/test_root_test_retention.py",
        "hashed_secret": "15200a72cfddc34c65b62676a751da6ea37187f4",
        "is_verified": false,
        "line_number": 26
      },
      {
        "type": "Hex High Entropy String",
        "filename": "src/tests/test_root_test_retention.py",
        "hashed_secret": "d1f2bc7a63b5cbdf0f71bba678a048646bc0f9c6",
        "is_verified": false,
        "line_number": 27
      },
      {
        "type": "Hex High Entropy String",
        "filename": "src/tests/test_root_test_retention.py",
        "hashed_secret": "ea494599438bf10aa91bdbe20a66a0579afef361",
        "is_verified": false,
        "line_number": 30
      },
      {
        "type": "Hex High Entropy String",
        "filename": "src/tests/test_root_test_retention.py",
        "hashed_secret": "454174aa665d01f701887fbe8a9e0547c08d9d22",
        "is_verified": false,
        "line_number": 34
      },
      {
        "type": "Hex High Entropy String",
        "filename": "src/tests/test_root_test_retention.py",
        "hashed_secret": "0ed268ffcbcc3c7b8561eedaa45d5fd6eaffb080",
        "is_verified": false,
        "line_number": 37
      },
      {
        "type": "Hex High Entropy String",
        "filename": "src/tests/test_root_test_retention.py",
        "hashed_secret": "c93605051050a044ba37e100d61d859e0360ad97",
        "is_verified": false,
        "line_number": 39
      },
      {
        "type": "Hex High Entropy String",
        "filename": "src/tests/test_root_test_retention.py",
        "hashed_secret": "9f10522baa2babcc520dc814ce500fbe9f8feb2e",
        "is_verified": false,
        "line_number": 44
      },
      {
        "type": "Hex High Entropy String",
        "filename": "src/tests/test_root_test_retention.py",
        "hashed_secret": "e54c489f6cbfb6de914a5b41559a64319c379784",
        "is_verified": false,
        "line_number": 48
      },
      {
        "type": "Hex High Entropy String",
        "filename": "src/tests/test_root_test_retention.py",
        "hashed_secret": "28009f0122d6178cdd2e25609f0ce262183428aa",
        "is_verified": false,
        "line_number": 52
      },
      {
        "type": "Hex High Entropy String",
        "filename": "src/tests/test_root_test_retention.py",
        "hashed_secret": "75817046580203c324e26386b7ab1b86bc9a4a77",
        "is_verified": false,
        "line_number": 56
      },
      {
        "type": "Hex High Entropy String",
        "filename": "src/tests/test_root_test_retention.py",
        "hashed_secret": "7c704c6a0bfb4ffc3fe996929536d0b3bab3ad2a",
        "is_verified": false,
        "line_number": 60
      },
      {
        "type": "Hex High Entropy String",
        "filename": "src/tests/test_root_test_retention.py",
        "hashed_secret": "60c5985da0b3b4395723d17ebfd4046c2593bc9d",
        "is_verified": false,
        "line_number": 66
      },
      {
        "type": "Hex High Entropy String",
        "filename": "src/tests/test_root_test_retention.py",
        "hashed_secret": "9e03aebba1e64ec5ffefbf91a08fc37fbaa59249",
        "is_verified": false,
        "line_number": 67
      }
    ],
    "src/tests/test_setup_secrets.py": [
      {
        "type": "Base64 High Entropy String",
        "filename": "src/tests/test_setup_secrets.py",
        "hashed_secret": "5bee9adaaaea9b28401bb67c4c738358a7c79fb3",
        "is_verified": false,
        "line_number": 33
      },
      {
        "type": "Base64 High Entropy String",
        "filename": "src/tests/test_setup_secrets.py",
        "hashed_secret": "b540a918f88edef30dee8ce33acd3d5ae437f8cc",
        "is_verified": false,
        "line_number": 112
      },
      {
        "type": "Secret Keyword",
        "filename": "src/tests/test_setup_secrets.py",
        "hashed_secret": "029bac97b378f71133be54e5ca755279fcb0f999",
        "is_verified": false,
        "line_number": 284
      }
    ],
    "src/tests/test_sql_memory_store.py": [
      {
        "type": "Basic Auth Credentials",
        "filename": "src/tests/test_sql_memory_store.py",
        "hashed_secret": "e5e9fa1ba31ecd1ae84f75caaa474f3a663f05f4",
        "is_verified": false,
        "line_number": 420
      },
      {
        "type": "Hex High Entropy String",
        "filename": "src/tests/test_sql_memory_store.py",
        "hashed_secret": "3debd23d3e3f77f173338f42501f283e49696f93",
        "is_verified": false,
        "line_number": 452
      }
    ],
    "src/tests/test_supabase_vector_store.py": [
      {
        "type": "Basic Auth Credentials",
        "filename": "src/tests/test_supabase_vector_store.py",
        "hashed_secret": "e5e9fa1ba31ecd1ae84f75caaa474f3a663f05f4",
        "is_verified": false,
        "line_number": 23
      }
    ],
    "tests/integration/test_memory_client.py": [
      {
        "type": "Secret Keyword",
        "filename": "tests/integration/test_memory_client.py",
        "hashed_secret": "3acfb2c2b433c0ea7ff107e33df91b18e52f960f",
        "is_verified": false,
        "line_number": 74
      }
    ],
    "tests/test_anaconda_agent_proxy.py": [
      {
        "type": "Secret Keyword",
        "filename": "tests/test_anaconda_agent_proxy.py",
        "hashed_secret": "8f81a348e1de8f4d779816059377767e8ae2a4a4",
        "is_verified": false,
        "line_number": 291
      },
      {
        "type": "Secret Keyword",
        "filename": "tests/test_anaconda_agent_proxy.py",
        "hashed_secret": "5efd9c78161dbdc37aecdfecbe469d2d9975d9db",
        "is_verified": false,
        "line_number": 298
      },
      {
        "type": "Secret Keyword",
        "filename": "tests/test_anaconda_agent_proxy.py",
        "hashed_secret": "6b31604c8a396f393c35a1f555869babb3107d8c",
        "is_verified": false,
        "line_number": 535
      }
    ],
    "tests/test_hebbian_marketplace_vs_inference.ipynb": [
      {
        "type": "Hex High Entropy String",
        "filename": "tests/test_hebbian_marketplace_vs_inference.ipynb",
        "hashed_secret": "73cd8ff21eb78cc13bcf23eb667e102eafe14716",
        "is_verified": false,
        "line_number": 6
      },
      {
        "type": "Base64 High Entropy String",
        "filename": "tests/test_hebbian_marketplace_vs_inference.ipynb",
        "hashed_secret": "d9453e317f56900b344bf3f4f9eb905ac51edf95",
        "is_verified": false,
        "line_number": 118
      }
    ],
    "tests/test_hebbian_scoped_vs_coldstart.ipynb": [
      {
        "type": "Hex High Entropy String",
        "filename": "tests/test_hebbian_scoped_vs_coldstart.ipynb",
        "hashed_secret": "de2bce19eb665f58ca215e37488b4e4017affa21",
        "is_verified": false,
        "line_number": 6
      }
    ],
    "tests/test_memory_client.py": [
      {
        "type": "Secret Keyword",
        "filename": "tests/test_memory_client.py",
        "hashed_secret": "3acfb2c2b433c0ea7ff107e33df91b18e52f960f",
        "is_verified": false,
        "line_number": 118
      }
    ]
  },
  "generated_at": "2026-08-26T15:56:56Z"
}
